// Jest Snapshot v1, https://goo.gl/fbAQLP

exports[`NewsletterPuffLink renders the link with the text \`Manage preferences here\` 1`] = `
<a
  className="linkweb__RespLink-yfb9n-0 cCCShB"
  href="https://home.thetimes.co.uk/myNews"
  onClick={[Function]}
  target={null}
>
  <div
    className="styles__View-rq66zl-0 styles__InpPreferencesView-rq66zl-14 lpoLan"
  >
    <div
      className="styles__Text-rq66zl-1 styles__InpPreferencesText-rq66zl-12 fjvjTh"
    >
      Manage preferences here
    </div>
    <div
      className="styles__View-rq66zl-0 styles__InpIconContainer-rq66zl-13 mCYKT"
    >
      <svg
        aria-label="icon-forward-arrow"
        height={12}
        style={Object {}}
        viewBox="42 12 60 120"
        width={7}
      >
        <g
          fill="#006699"
          style={Object {}}
        >
          <path
            d="M45.8,132L42,128.2,74.8,72,42,15.8,45.8,12,102,72Z"
            style={Object {}}
          />
        </g>
      </svg>
    </div>
  </div>
</a>
`;

exports[`NewsletterPuffLink should track link viewed and clicked in analytics 1`] = `Object {}`;

exports[`NewsletterPuffLink should track link viewed in analytics 1`] = `Object {}`;
