// Jest Snapshot v1, https://goo.gl/fbAQLP

exports[`FinalScreen Component should render snapshot for FinalScreen Component 1`] = `
<DocumentFragment>
  <div
    class="css-13byt3y"
  >
    <div
      class="css-14n2dha"
    >
      <svg
        aria-hidden="true"
        class="css-17wgohv-EmotionIconBase ex0cdmw0"
        fill="currentColor"
        focusable="false"
        viewBox="0 0 24 24"
        xmlns="http://www.w3.org/2000/svg"
      >
        <path
          d="M0 0h24v24H0V0z"
          fill="none"
        />
        <path
          d="M19.77 5.03l1.4 1.4L8.43 19.17l-5.6-5.6 1.4-1.4 4.2 4.2L19.77 5.03m0-2.83L8.43 13.54l-4.2-4.2L0 13.57 8.43 22 24 6.43 19.77 2.2z"
        />
      </svg>
    </div>
    <h3
      class="css-17o21eh"
    >
      Cape Verde
    </h3>
    <p
      class="css-16gaswt"
    />
    <div>
      Well done, youâ€™re a genius!
    </div>
    You did it with 2 hints.
    <p />
  </div>
</DocumentFragment>
`;
