// Jest Snapshot v1, https://goo.gl/fbAQLP

exports[`On web the Enzyme rendered serializer should render the expected snapshot 1`] = `
<styled.div
  style={null}
>
  <div
    className="sc-htpNat VXuSA"
    style={null}
  >
    <div
      className="css-text-901oao"
      dir="auto"
    >
      Hello!
    </div>
    <styled.div>
      <div
        className="sc-ifAKCX fyLOy"
      >
        deeply nested
      </div>
    </styled.div>
  </div>
</styled.div>
`;
