// Jest Snapshot v1, https://goo.gl/fbAQLP

exports[`1. default image 1`] = `
.c2 {
  -webkit-align-items: center;
  -webkit-box-align: center;
  -ms-flex-align: center;
  align-items: center;
  background-color: #EDEDED;
  bottom: 0;
  -webkit-box-pack: center;
  -webkit-justify-content: center;
  -ms-flex-pack: center;
  justify-content: center;
  left: 0;
  position: absolute;
  right: 0;
  top: 0;
  z-index: 0;
}

.c2 {
  -webkit-align-items: stretch;
  -webkit-box-align: stretch;
  -ms-flex-align: stretch;
  align-items: stretch;
  border: 0 solid black;
  box-sizing: border-box;
  display: -webkit-box;
  display: -webkit-flex;
  display: -ms-flexbox;
  display: flex;
  -webkit-flex-basis: auto;
  -ms-flex-preferred-size: auto;
  flex-basis: auto;
  -webkit-flex-direction: column;
  -ms-flex-direction: column;
  flex-direction: column;
  -webkit-flex-shrink: 0;
  -ms-flex-negative: 0;
  flex-shrink: 0;
  margin-bottom: 0;
  margin-left: 0;
  margin-right: 0;
  margin-top: 0;
  min-height: 0;
  min-width: 0;
  padding-bottom: 0;
  padding-left: 0;
  padding-right: 0;
  padding-top: 0;
  position: relative;
  z-index: 0;
}

.c0 {
  display: table;
  height: 0;
  overflow: hidden;
  position: relative;
  width: 100%;
}

.c0 {
  -webkit-align-items: stretch;
  -webkit-box-align: stretch;
  -ms-flex-align: stretch;
  align-items: stretch;
  border: 0 solid black;
  box-sizing: border-box;
  display: -webkit-box;
  display: -webkit-flex;
  display: -ms-flexbox;
  display: flex;
  -webkit-flex-basis: auto;
  -ms-flex-preferred-size: auto;
  flex-basis: auto;
  -webkit-flex-direction: column;
  -ms-flex-direction: column;
  flex-direction: column;
  -webkit-flex-shrink: 0;
  -ms-flex-negative: 0;
  flex-shrink: 0;
  margin-bottom: 0;
  margin-left: 0;
  margin-right: 0;
  margin-top: 0;
  min-height: 0;
  min-width: 0;
  padding-bottom: 0;
  padding-left: 0;
  padding-right: 0;
  padding-top: 0;
  position: relative;
  z-index: 0;
}

.c1 {
  display: block;
  opacity: 0;
  position: absolute;
  -webkit-transition: opacity 0.3s ease-in-out;
  transition: opacity 0.3s ease-in-out;
  width: 100%;
  z-index: 2;
}

<style>
.IS1 {
  max-width: 25%;
  max-height: 50%;
}

.IS2 {
  padding-bottom: 66.66666666666667%;
}
</style>

<div
  className="c0"
>
  <div
    className="IS2"
  >
    <img
      className="c1"
    />
    <div
      className="c2"
    >
      <svg
        className="IS1"
      >
        <g>
          <path />
        </g>
      </svg>
    </div>
  </div>
</div>
`;
